usart.c:39:6:uart1_hal_tx_buffer_init	8	static
usart.c:45:6:uart1_hal_rx_buffer_init	8	static
usart.c:53:6:uart2_hal_tx_buffer_init	8	static
usart.c:59:6:uart2_hal_rx_buffer_init	8	static
usart.c:67:6:uart3_hal_tx_buffer_init	8	static
usart.c:73:6:uart3_hal_rx_buffer_init	8	static
usart.c:90:6:MX_USART1_UART_Init	8	static
usart.c:120:6:MX_USART2_UART_Init	8	static
usart.c:150:6:MX_USART3_UART_Init	8	static
usart.c:179:6:HAL_UART_MspInit	56	static
usart.c:275:6:HAL_UART_MspDeInit	16	static
usart.c:341:5:_write	24	static
usart.c:349:9:uart1_hal_getchar	8	static
usart.c:362:5:uart1_hal_rx_monitor	16	static
usart.c:378:9:uart2_hal_getchar	8	static
usart.c:391:5:uart2_hal_rx_monitor	8	static
usart.c:405:9:uart3_hal_getchar	8	static
usart.c:418:5:uart3_hal_rx_monitor	16	static
usart.c:459:6:replace_Buff_uart1	16	static
usart.c:492:6:replace_Buff_uart2	16	static
usart.c:525:6:replace_Buff_uart3	16	static
usart.c:558:6:uart1_hal_putchar	24	static
usart.c:579:6:uart2_hal_putchar	24	static
usart.c:600:6:uart3_hal_putchar	24	static
usart.c:621:6:HAL_UART_TxCpltCallback	24	static
usart.c:672:6:HAL_UART_RxCpltCallback	24	static
